Demerit Report - Arthur Morgan
Person ID: 56s_d%&fAB

Total Active Demerit Points: 5
Status: Not Suspended
