Demerit Report - Arthur Morgan
Person ID: 56s_d%&fAB

Total Active Demerit Points: 11
Status: Not Suspended
