Person details:
First name: Arthur
Last name: Morgan
Person id: 56s_d%&fAB
Address: 56|Highland Street|Melbourne|Victoria|Australia
Birthdate: 15-11-2008